npm : npm warn config optional Use `--omit=optional` to exclude optional 
dependencies, or
At line:1 char:1
+ npm run frontend:build 2>&1 > build_output.log; "Build completed"
+ ~~~~~~~~~~~~~~~~~~~~~~~~~~~~~~~~~~~~~~~~~~~~~~
    + CategoryInfo          : NotSpecified: (npm warn config...ependencies, or:St 
   ring) [], RemoteException
    + FullyQualifiedErrorId : NativeCommandError
 
npm warn config `--include=optional` to include them.
npm warn config
npm warn config       Default value does install optional deps unless otherwise 
omitted.

> real-estate-marketplace@1.0.1 frontend:build
> react-scripts build

