timeout : ERROR: Invalid syntax. Default option is not allowed more than '1' 
time(s).
At line:1 char:1
+ timeout 120 npm run test:phase4 2>&1 | tee test-output.log
+ ~~~~~~~~~~~~~~~~~~~~~~~~~~~~~~~~~~~~
    + CategoryInfo          : NotSpecified: (ERROR: Invalid ...an '1' time(s). 
   :String) [], RemoteException
    + FullyQualifiedErrorId : NativeCommandError
 
Type "TIMEOUT /?" for usage.
